ENDL 0 1 _
ENDL 11 1 _
EQUAL 13 1 =
LBRACK 15 1 [
INTEGER 17 1 1 1
COMMA 18 1 ,
INTEGER 20 1 2 2
COMMA 21 1 ,
INTEGER 23 1 3 3
RBRACK 25 1 ]
ENDL 26 1 _
ENDL 27 1 _
ENDL 36 1 _
EQUAL 38 1 =
LBRACK 40 1 [
STRING 43 3 red
COMMA 47 1 ,
STRING 50 6 yellow
COMMA 57 1 ,
STRING 60 5 green
RBRACK 67 1 ]
ENDL 68 1 _
ENDL 69 1 _
ENDL 78 1 _
EQUAL 80 1 =
LBRACK 82 1 [
LBRACK 84 1 [
INTEGER 86 1 1 1
COMMA 87 1 ,
INTEGER 89 1 2 2
RBRACK 91 1 ]
COMMA 92 1 ,
LBRACK 94 1 [
INTEGER 95 1 3 3
COMMA 96 1 ,
INTEGER 98 1 4 4
COMMA 99 1 ,
INTEGER 101 1 5 5
RBRACK 102 1 ]
RBRACK 104 1 ]
ENDL 105 1 _
EQUAL 107 1 =
LBRACK 109 1 [
LBRACK 111 1 [
INTEGER 113 1 1 1
COMMA 114 1 ,
INTEGER 116 1 2 2
RBRACK 118 1 ]
COMMA 119 1 ,
LBRACK 121 1 [
STRING 123 1 a
COMMA 125 1 ,
STRING 128 1 b
COMMA 130 1 ,
STRING 133 1 c
RBRACK 135 1 ]
RBRACK 137 1 ]
ENDL 138 1 _
EQUAL 140 1 =
LBRACK 142 1 [
STRING 145 3 all
COMMA 149 1 ,
LITSTRING 152 7 strings
COMMA 160 1 ,
MLSTRING 165 12 are the same
COMMA 180 1 ,
MLLITSTRING 185 4 type
RBRACK 193 1 ]
ENDL 194 1 _
ENDL 195 1 _
