ENDL 31 1 _
EQUAL 32 1 =
LBRACK 34 1 [
FLOAT 36 3 0.1 0.1
COMMA 39 1 ,
FLOAT 41 3 0.2 0.2
COMMA 44 1 ,
FLOAT 46 3 0.5 0.5
COMMA 49 1 ,
FLOAT 51 3 1.0 1.0
COMMA 54 1 ,
INTEGER 56 1 2 2
COMMA 57 1 ,
INTEGER 59 1 5 5
RBRACK 61 1 ]
ENDL 62 1 _
EQUAL 64 1 =
LBRACK 66 1 [
ENDL 67 1 _
STRING 71 25 Foo Bar <foo@example.com>
COMMA 97 1 ,
ENDL 98 1 _
LBRACE 101 1 {
RBRACE 103 1 }
ENDL 104 1 _
RBRACK 105 1 ]
ENDL 106 1 _
