ENDL 0 1 _
ENDL 12 1 _
EQUAL 14 1 =
LBRACK 16 1 [
ENDL 17 1 _
INTEGER 20 1 1 1
COMMA 21 1 ,
INTEGER 23 1 2 2
COMMA 24 1 ,
INTEGER 26 1 3 3
ENDL 27 1 _
RBRACK 28 1 ]
ENDL 29 1 _
ENDL 30 1 _
ENDL 51 1 _
EQUAL 53 1 =
LBRACK 55 1 [
ENDL 56 1 _
INTEGER 59 1 1 1
COMMA 60 1 ,
ENDL 61 1 _
INTEGER 64 1 2 2
COMMA 65 1 ,
ENDL 79 1 _
RBRACK 80 1 ]
ENDL 81 1 _
