ENDL 50 1 _
ENDL 84 1 _
ENDL 85 1 _
EQUAL 86 1 =
MLSTRING 92 30 heeee_geeee\  ___             
ENDL 125 1 _
