ENDL 0 1 _
EQUAL 2 1 =
STRING 5 2 pi
ENDL 8 1 _
EQUAL 10 1 =
INTEGER 12 3 +99 99
ENDL 15 1 _
EQUAL 17 1 =
INTEGER 19 2 42 42
ENDL 21 1 _
EQUAL 23 1 =
INTEGER 25 1 0 0
ENDL 26 1 _
EQUAL 28 1 =
INTEGER 30 3 -17 -17
ENDL 33 1 _
EQUAL 35 1 =
INTEGER 37 5 1_000 1000
ENDL 42 1 _
EQUAL 44 1 =
INTEGER 46 9 5_349_221 5349221
ENDL 55 1 _
EQUAL 57 1 =
INTEGER 59 9 53_49_221 5349221
ENDL 101 1 _
EQUAL 103 1 =
INTEGER 105 9 1_2_3_4_5 12345
ENDL 139 1 _
