ENDL 30 1 _
EQUAL 32 1 =
INTEGER 34 10 0xDEADBEEF 3735928559
ENDL 44 1 _
EQUAL 46 1 =
INTEGER 48 10 0xdeadbeef 3735928559
ENDL 58 1 _
EQUAL 60 1 =
INTEGER 62 11 0xdead_beef 3735928559
ENDL 73 1 _
ENDL 74 1 _
ENDL 99 1 _
EQUAL 101 1 =
INTEGER 103 10 0o01234567 342391
ENDL 113 1 _
EQUAL 115 1 =
INTEGER 117 5 0o755 493
ENDL 157 1 _
ENDL 158 1 _
ENDL 184 1 _
EQUAL 186 1 =
INTEGER 188 10 0b11010110 214
ENDL 198 1 _
