ENDL 0 1 _
ENDL 13 1 _
EQUAL 15 1 =
FLOAT 17 4 +1.0 1.0
ENDL 21 1 _
EQUAL 23 1 =
FLOAT 25 6 3.1415 3.1415
ENDL 31 1 _
EQUAL 33 1 =
FLOAT 35 5 -0.01 -0.01
ENDL 40 1 _
ENDL 41 1 _
ENDL 52 1 _
EQUAL 54 1 =
FLOAT 56 5 5e+22 5e+22
ENDL 61 1 _
EQUAL 63 1 =
FLOAT 65 4 1e06 1000000.0
ENDL 69 1 _
EQUAL 71 1 =
FLOAT 73 5 -2E-2 -0.02
ENDL 78 1 _
ENDL 79 1 _
ENDL 86 1 _
EQUAL 88 1 =
FLOAT 90 9 6.626e-34 6.626e-34
ENDL 99 1 _
ENDL 100 1 _
EQUAL 102 1 =
FLOAT 104 19 224_617.445_991_228 224617.445991228
ENDL 123 1 _
