ENDL 0 1 _
EQUAL 2 1 =
DATETIMETZ 4 20 1979-05-27T07:32:00Z
ENDL 24 1 _
EQUAL 26 1 =
DATETIMETZ 28 25 1979-05-27T00:32:00-07:00
ENDL 53 1 _
EQUAL 55 1 =
DATETIMETZ 57 32 1979-05-27T00:32:00.999999-07:00
ENDL 89 1 _
EQUAL 91 1 =
DATETIMETZ 93 20 1979-05-27 07:32:00Z
ENDL 113 1 _
EQUAL 115 1 =
DATETIME 117 19 1979-05-27T07:32:00
ENDL 136 1 _
EQUAL 138 1 =
DATETIME 140 26 1979-05-27T00:32:00.999999
ENDL 166 1 _
EQUAL 167 1 =
DATE 169 10 1979-05-27
ENDL 179 1 _
EQUAL 180 1 =
TIME 182 8 07:32:00
ENDL 190 1 _
EQUAL 191 1 =
TIME 193 15 00:32:00.999999
ENDL 208 1 _
ENDL 209 1 _
ENDL 217 1 _
EQUAL 219 1 =
DATETIMETZ 221 20 1987-07-05t17:45:00z
ENDL 241 1 _
