{
  "str": {"type": "string", "value": "heeee\ngeeee"}
}
