{
  "a": [{"type": "integer", "value": "0"}, {"type": "integer", "value": "1"}, {"type": "integer", "value": "2"}, {"type": "integer", "value": "3"}, {"type": "integer", "value": "4"}, {"type": "integer", "value": "5"}, {"type": "integer", "value": "6"}, {"type": "integer", "value": "7"}, {"type": "integer", "value": "8"}, {"type": "integer", "value": "9"}, {"type": "integer", "value": "10"}, {"type": "integer", "value": "11"}, {"type": "integer", "value": "12"}, {"type": "integer", "value": "13"}, {"type": "integer", "value": "14"}, {"type": "integer", "value": "15"}, {"type": "integer", "value": "16"}, {"type": "integer", "value": "17"}, {"type": "integer", "value": "18"}, {"type": "integer", "value": "19"}, {"type": "integer", "value": "20"}, {"type": "integer", "value": "21"}, {"type": "integer", "value": "22"}, {"type": "integer", "value": "23"}, {"type": "integer", "value": "24"}, {"type": "integer", "value": "25"}, {"type": "integer", "value": "26"}, {"type": "integer", "value": "27"}, {"type": "integer", "value": "28"}, {"type": "integer", "value": "29"}, {"type": "integer", "value": "30"}, {"type": "integer", "value": "31"}, {"type": "integer", "value": "32"}, {"type": "integer", "value": "33"}, {"type": "integer", "value": "34"}, {"type": "integer", "value": "35"}, {"type": "integer", "value": "36"}, {"type": "integer", "value": "37"}, {"type": "integer", "value": "38"}, {"type": "integer", "value": "39"}, {"type": "integer", "value": "40"}, {"type": "integer", "value": "41"}, {"type": "integer", "value": "42"}, {"type": "integer", "value": "43"}, {"type": "integer", "value": "44"}, {"type": "integer", "value": "45"}, {"type": "integer", "value": "46"}, {"type": "integer", "value": "47"}, {"type": "integer", "value": "48"}, {"type": "integer", "value": "49"}, {"type": "integer", "value": "50"}, {"type": "integer", "value": "51"}, {"type": "integer", "value": "52"}, {"type": "integer", "value": "53"}, {"type": "integer", "value": "54"}, {"type": "integer", "value": "55"}, {"type": "integer", "value": "56"}, {"type": "integer", "value": "57"}, {"type": "integer", "value": "58"}, {"type": "integer", "value": "59"}, {"type": "integer", "value": "60"}, {"type": "integer", "value": "61"}, {"type": "integer", "value": "62"}, {"type": "integer", "value": "63"}, {"type": "integer", "value": "64"}, {"type": "integer", "value": "65"}, {"type": "integer", "value": "66"}, {"type": "integer", "value": "67"}, {"type": "integer", "value": "68"}, {"type": "integer", "value": "69"}, {"type": "integer", "value": "70"}, {"type": "integer", "value": "71"}, {"type": "integer", "value": "72"}, {"type": "integer", "value": "73"}, {"type": "integer", "value": "74"}, {"type": "integer", "value": "75"}, {"type": "integer", "value": "76"}, {"type": "integer", "value": "77"}, {"type": "integer", "value": "78"}, {"type": "integer", "value": "79"}, {"type": "integer", "value": "80"}, {"type": "integer", "value": "81"}, {"type": "integer", "value": "82"}, {"type": "integer", "value": "83"}, {"type": "integer", "value": "84"}, {"type": "integer", "value": "85"}, {"type": "integer", "value": "86"}, {"type": "integer", "value": "87"}, {"type": "integer", "value": "88"}, {"type": "integer", "value": "89"}, {"type": "integer", "value": "90"}, {"type": "integer", "value": "91"}, {"type": "integer", "value": "92"}, {"type": "integer", "value": "93"}, {"type": "integer", "value": "94"}, {"type": "integer", "value": "95"}, {"type": "integer", "value": "96"}, {"type": "integer", "value": "97"}, {"type": "integer", "value": "98"}, {"type": "integer", "value": "99"}, {"type": "integer", "value": "100"}]
}
