{
  "x": {
    "y": {
      "z": {
        "w": {
          "fruit": {"type": "string", "value": "apple"}
        }
      }
    },
    "country": {"type": "string", "value": "usa"}
  }
}
