{
  "a0": {"type": "integer", "value": "0"},
  "a1": {"type": "integer", "value": "1"},
  "a2": {"type": "integer", "value": "2"},
  "a3": {"type": "integer", "value": "3"},
  "a4": {"type": "integer", "value": "4"},
  "a5": {"type": "integer", "value": "5"},
  "a6": {"type": "integer", "value": "6"},
  "a7": {"type": "integer", "value": "7"},
  "a8": {"type": "integer", "value": "8"},
  "a9": {"type": "integer", "value": "9"},
  "a10": {"type": "integer", "value": "10"},
  "a11": {"type": "integer", "value": "11"},
  "a12": {"type": "integer", "value": "12"},
  "a13": {"type": "integer", "value": "13"},
  "a14": {"type": "integer", "value": "14"},
  "a15": {"type": "integer", "value": "15"},
  "a16": {"type": "integer", "value": "16"},
  "a17": {"type": "integer", "value": "17"},
  "a18": {"type": "integer", "value": "18"},
  "a19": {"type": "integer", "value": "19"},
  "a20": {"type": "integer", "value": "20"},
  "a21": {"type": "integer", "value": "21"},
  "a22": {"type": "integer", "value": "22"},
  "a23": {"type": "integer", "value": "23"},
  "a24": {"type": "integer", "value": "24"},
  "a25": {"type": "integer", "value": "25"},
  "a26": {"type": "integer", "value": "26"},
  "a27": {"type": "integer", "value": "27"},
  "a28": {"type": "integer", "value": "28"},
  "a29": {"type": "integer", "value": "29"},
  "a30": {"type": "integer", "value": "30"},
  "a31": {"type": "integer", "value": "31"},
  "a32": {"type": "integer", "value": "32"},
  "a33": {"type": "integer", "value": "33"},
  "a34": {"type": "integer", "value": "34"},
  "a35": {"type": "integer", "value": "35"},
  "a36": {"type": "integer", "value": "36"},
  "a37": {"type": "integer", "value": "37"},
  "a38": {"type": "integer", "value": "38"},
  "a39": {"type": "integer", "value": "39"},
  "a40": {"type": "integer", "value": "40"},
  "a41": {"type": "integer", "value": "41"},
  "a42": {"type": "integer", "value": "42"},
  "a43": {"type": "integer", "value": "43"},
  "a44": {"type": "integer", "value": "44"},
  "a45": {"type": "integer", "value": "45"},
  "a46": {"type": "integer", "value": "46"},
  "a47": {"type": "integer", "value": "47"},
  "a48": {"type": "integer", "value": "48"},
  "a49": {"type": "integer", "value": "49"},
  "a50": {"type": "integer", "value": "50"},
  "a51": {"type": "integer", "value": "51"},
  "a52": {"type": "integer", "value": "52"},
  "a53": {"type": "integer", "value": "53"},
  "a54": {"type": "integer", "value": "54"},
  "a55": {"type": "integer", "value": "55"},
  "a56": {"type": "integer", "value": "56"},
  "a57": {"type": "integer", "value": "57"},
  "a58": {"type": "integer", "value": "58"},
  "a59": {"type": "integer", "value": "59"},
  "a60": {"type": "integer", "value": "60"},
  "a61": {"type": "integer", "value": "61"},
  "a62": {"type": "integer", "value": "62"},
  "a63": {"type": "integer", "value": "63"},
  "a64": {"type": "integer", "value": "64"},
  "a65": {"type": "integer", "value": "65"},
  "a66": {"type": "integer", "value": "66"},
  "a67": {"type": "integer", "value": "67"},
  "a68": {"type": "integer", "value": "68"},
  "a69": {"type": "integer", "value": "69"},
  "a70": {"type": "integer", "value": "70"},
  "a71": {"type": "integer", "value": "71"},
  "a72": {"type": "integer", "value": "72"},
  "a73": {"type": "integer", "value": "73"},
  "a74": {"type": "integer", "value": "74"},
  "a75": {"type": "integer", "value": "75"},
  "a76": {"type": "integer", "value": "76"},
  "a77": {"type": "integer", "value": "77"},
  "a78": {"type": "integer", "value": "78"},
  "a79": {"type": "integer", "value": "79"},
  "a80": {"type": "integer", "value": "80"},
  "a81": {"type": "integer", "value": "81"},
  "a82": {"type": "integer", "value": "82"},
  "a83": {"type": "integer", "value": "83"},
  "a84": {"type": "integer", "value": "84"},
  "a85": {"type": "integer", "value": "85"},
  "a86": {"type": "integer", "value": "86"},
  "a87": {"type": "integer", "value": "87"},
  "a88": {"type": "integer", "value": "88"},
  "a89": {"type": "integer", "value": "89"},
  "a90": {"type": "integer", "value": "90"},
  "a91": {"type": "integer", "value": "91"},
  "a92": {"type": "integer", "value": "92"},
  "a93": {"type": "integer", "value": "93"},
  "a94": {"type": "integer", "value": "94"},
  "a95": {"type": "integer", "value": "95"},
  "a96": {"type": "integer", "value": "96"},
  "a97": {"type": "integer", "value": "97"},
  "a98": {"type": "integer", "value": "98"},
  "a99": {"type": "integer", "value": "99"}
}
