(line 3) encountered previously declared array 'arr'
