LIT 0 4 str1
EQUAL 5 1 =
ENDL 7 1 _
ENDL 17 1 _
ENDL 18 1 _
LIT 19 4 str2
ENDL 33 1 _
ENDL 34 1 _
