STRING 1 5 title
EQUAL 8 1 =
ENDL 10 1 _
LITSTRING 12 5 title
EQUAL 19 1 =
ENDL 20 1 _
LIT 21 8 bare_key
EQUAL 30 1 =
ENDL 31 1 _
LIT 32 8 bare-key
EQUAL 41 1 =
ENDL 42 1 _
LIT 47 4 1234
EQUAL 52 1 =
ENDL 53 1 _
ENDL 54 1 _
