ENDL 0 1 _
LIT 1 5 apple
DOT 6 1 .
LIT 7 4 type
EQUAL 12 1 =
ENDL 14 1 _
LIT 15 1 3
DOT 16 1 .
LIT 17 5 14159
EQUAL 23 1 =
ENDL 25 1 _
LIT 26 1 1
DOT 27 1 .
LIT 28 1 2
DOT 30 1 .
LIT 31 1 3
DOT 33 1 .
LIT 36 1 4
EQUAL 38 1 =
ENDL 40 1 _
