ENDL 0 1 _
LBRACK 1 1 [
LIT 2 7 table-1
RBRACK 9 1 ]
ENDL 10 1 _
LBRACK 11 1 [
LIT 12 3 dog
DOT 15 1 .
STRING 17 9 tater.man
RBRACK 27 1 ]
ENDL 28 1 _
LBRACK 29 1 [
LIT 30 1 a
DOT 31 1 .
LIT 32 1 b
DOT 33 1 .
LIT 34 1 c
RBRACK 35 1 ]
ENDL 71 1 _
LBRACK 72 1 [
LIT 74 1 d
DOT 75 1 .
LIT 76 1 e
DOT 77 1 .
LIT 78 1 f
RBRACK 80 1 ]
ENDL 108 1 _
LBRACK 109 1 [
LIT 111 1 g
DOT 113 1 .
LIT 116 1 h
DOT 119 1 .
LIT 121 1 i
RBRACK 123 1 ]
ENDL 145 1 _
LBRACK 146 1 [
LIT 148 1 j
DOT 150 1 .
STRING 153 2 Êž
DOT 157 1 .
LITSTRING 160 1 l
RBRACK 163 1 ]
ENDL 188 1 _
