ENDL 0 1 _
ENDL 10 1 _
ENDL 24 1 _
ENDL 45 1 _
LBRACK 46 1 [
LIT 47 1 x
DOT 48 1 .
LIT 49 1 y
DOT 50 1 .
LIT 51 1 z
DOT 52 1 .
LIT 53 1 w
RBRACK 54 1 ]
ENDL 74 1 _
ENDL 75 1 _
LBRACK 76 1 [
LIT 77 1 x
RBRACK 78 1 ]
ENDL 120 1 _
