ENDL 0 1 _
LIT 1 4 name
LBRACE 6 1 {
ENDL 15 1 _
LIT 16 4 name
RBRACE 21 1 }
ENDL 30 1 _
LIT 31 4 name
LBRACK 36 1 [
ENDL 45 1 _
LIT 46 4 name
RBRACK 51 1 ]
ENDL 61 1 _
