ENDL 0 1 _
LLBRACK 1 2 [[
LIT 3 8 products
DOT 11 1 .
LIT 12 1 1
RRBRACK 13 2 ]]
ENDL 15 1 _
LLBRACK 16 2 [[
LIT 18 8 products
DOT 26 1 .
LIT 27 1 2
RRBRACK 28 2 ]]
ENDL 30 1 _
